// Jest Snapshot v1, https://goo.gl/fbAQLP

exports[`TicTacItem Should match snapshot 1`] = `"<div class=\\"styled__StTicTacItem-erJWA-d cemGHT\\"></div>"`;
