// Jest Snapshot v1, https://goo.gl/fbAQLP

exports[`RegNavigation Should match snapshot 1`] = `"<div class=\\"styled__StNavLink-kYzesN fxjFPh\\"><p></p>Â <a aria-current=\\"page\\" class=\\"active\\" href=\\"/\\"><p class=\\"styled__StP-gOoQqg hCGbld\\"></p></a></div> "`;
