// Jest Snapshot v1, https://goo.gl/fbAQLP

exports[`Drop renders 1`] = `
<div>
  <input />
</div>
`;
