// Jest Snapshot v1, https://goo.gl/fbAQLP

exports[`HeaderLanguage Should match snapshot 1`] = `"<button class=\\"styled__StLangToggle-gXeXkO cwoxAJ\\">En</button>"`;
