// Jest Snapshot v1, https://goo.gl/fbAQLP

exports[`Input Should match snapshot 1`] = `"<input type=\\"type\\" value=\\"value\\" placeholder=\\"typeIpt\\" class=\\"styled__StInput-ifVcmW fkrHSd\\"/>"`;
