// Jest Snapshot v1, https://goo.gl/fbAQLP

exports[`AuthNav Should match snapshot 1`] = `"<div class=\\"styled__StNavLink-kYzesN lhSwRU\\"><p></p>Â <a href=\\"/signup\\"><p class=\\"styled__StP-gOoQqg hCGbld\\"></p></a></div>"`;
