// Jest Snapshot v1, https://goo.gl/fbAQLP

exports[`AuthBtn Should match snapshot 1`] = `"<div class=\\"styled__StInputDiv-iTvJvh eInYlj\\"><button type=\\"button\\" class=\\"styled__StButton-iwFefC kBDupe\\"></button></div>"`;
