// Jest Snapshot v1, https://goo.gl/fbAQLP

exports[`ItemIcons Should match snapshot 1`] = `"<span class=\\"styled__StIcon-chPeWD cDIvgb\\"><img src=\\"string\\" alt=\\"string\\"/></span>"`;
