// Jest Snapshot v1, https://goo.gl/fbAQLP

exports[`HeaderTheme Should match snapshot 1`] = `"<button class=\\"styled__StThemeToggle-jPlXPr JBFkI\\"></button>"`;
