// Jest Snapshot v1, https://goo.gl/fbAQLP

exports[`Button Should match snapshot 1`] = `"<button type=\\"button\\" class=\\"styled__StButton-iwFefC kBDupe\\"></button>"`;
