// Jest Snapshot v1, https://goo.gl/fbAQLP

exports[`Input Should match snapshot 1`] = `"<input type=\\"type\\" value=\\"value\\" class=\\"styled__StInput-ifVcmW gvVFSK\\"/>"`;
