// Jest Snapshot v1, https://goo.gl/fbAQLP

exports[`AddRoomBtn Should match snapshot 1`] = `"<button class=\\"styled__StBtn-kAydTA jyFLiv\\"></button>"`;
