// Jest Snapshot v1, https://goo.gl/fbAQLP

exports[`Checkers Should match snapshot 1`] = `"<div class=\\"styled__StContainer-rIpsz exdRze\\"><div class=\\"styled__StTable-ifbhvu yaABv\\"><div class=\\"styled__StCell-gJrZHm fYZVrY\\"><div><div class=\\"styled__StCellWhite-eopeRB czkzjO\\"></div></div></div><div class=\\"styled__StCell-gJrZHm fKDHEl\\"></div><div class=\\"styled__StCell-gJrZHm fYZVrY\\"><div><div class=\\"styled__StCellWhite-eopeRB czkzjO\\"></div></div></div><div class=\\"styled__StCell-gJrZHm fKDHEl\\"></div><div class=\\"styled__StCell-gJrZHm fYZVrY\\"><div><div class=\\"styled__StCellWhite-eopeRB czkzjO\\"></div></div></div><div class=\\"styled__StCell-gJrZHm fKDHEl\\"></div><div class=\\"styled__StCell-gJrZHm fYZVrY\\"><div><div class=\\"styled__StCellWhite-eopeRB czkzjO\\"></div></div></div><div class=\\"styled__StCell-gJrZHm fKDHEl\\"></div><div class=\\"styled__StCell-gJrZHm fKDHEl\\"></div><div class=\\"styled__StCell-gJrZHm fYZVrY\\"><div><div class=\\"styled__StCellWhite-eopeRB czkzjO\\"></div></div></div><div class=\\"styled__StCell-gJrZHm fKDHEl\\"></div><div class=\\"styled__StCell-gJrZHm fYZVrY\\"><div><div class=\\"styled__StCellWhite-eopeRB czkzjO\\"></div></div></div><div class=\\"styled__StCell-gJrZHm fKDHEl\\"></div><div class=\\"styled__StCell-gJrZHm fYZVrY\\"><div><div class=\\"styled__StCellWhite-eopeRB czkzjO\\"></div></div></div><div class=\\"styled__StCell-gJrZHm fKDHEl\\"></div><div class=\\"styled__StCell-gJrZHm fYZVrY\\"><div><div class=\\"styled__StCellWhite-eopeRB czkzjO\\"></div></div></div><div class=\\"styled__StCell-gJrZHm fYZVrY\\"><div><div class=\\"styled__StCellWhite-eopeRB czkzjO\\"></div></div></div><div class=\\"styled__StCell-gJrZHm fKDHEl\\"></div><div class=\\"styled__StCell-gJrZHm fYZVrY\\"><div><div class=\\"styled__StCellWhite-eopeRB czkzjO\\"></div></div></div><div class=\\"styled__StCell-gJrZHm fKDHEl\\"></div><div class=\\"styled__StCell-gJrZHm fYZVrY\\"><div><div class=\\"styled__StCellWhite-eopeRB czkzjO\\"></div></div></div><div class=\\"styled__StCell-gJrZHm fKDHEl\\"></div><div class=\\"styled__StCell-gJrZHm fYZVrY\\"><div><div class=\\"styled__StCellWhite-eopeRB czkzjO\\"></div></div></div><div class=\\"styled__StCell-gJrZHm fKDHEl\\"></div><div class=\\"styled__StCell-gJrZHm fKDHEl\\"></div><div class=\\"styled__StCell-gJrZHm fYZVrY\\"></div><div class=\\"styled__StCell-gJrZHm fKDHEl\\"></div><div class=\\"styled__StCell-gJrZHm fYZVrY\\"></div><div class=\\"styled__StCell-gJrZHm fKDHEl\\"></div><div class=\\"styled__StCell-gJrZHm fYZVrY\\"></div><div class=\\"styled__StCell-gJrZHm fKDHEl\\"></div><div class=\\"styled__StCell-gJrZHm fYZVrY\\"></div><div class=\\"styled__StCell-gJrZHm fYZVrY\\"></div><div class=\\"styled__StCell-gJrZHm fKDHEl\\"></div><div class=\\"styled__StCell-gJrZHm fYZVrY\\"></div><div class=\\"styled__StCell-gJrZHm fKDHEl\\"></div><div class=\\"styled__StCell-gJrZHm fYZVrY\\"></div><div class=\\"styled__StCell-gJrZHm fKDHEl\\"></div><div class=\\"styled__StCell-gJrZHm fYZVrY\\"></div><div class=\\"styled__StCell-gJrZHm fKDHEl\\"></div><div class=\\"styled__StCell-gJrZHm fKDHEl\\"></div><div class=\\"styled__StCell-gJrZHm fYZVrY\\"><div><div class=\\"styled__StCellBlack-gTsvAF fsoxms\\"></div></div></div><div class=\\"styled__StCell-gJrZHm fKDHEl\\"></div><div class=\\"styled__StCell-gJrZHm fYZVrY\\"><div><div class=\\"styled__StCellBlack-gTsvAF fsoxms\\"></div></div></div><div class=\\"styled__StCell-gJrZHm fKDHEl\\"></div><div class=\\"styled__StCell-gJrZHm fYZVrY\\"><div><div class=\\"styled__StCellBlack-gTsvAF fsoxms\\"></div></div></div><div class=\\"styled__StCell-gJrZHm fKDHEl\\"></div><div class=\\"styled__StCell-gJrZHm fYZVrY\\"><div><div class=\\"styled__StCellBlack-gTsvAF fsoxms\\"></div></div></div><div class=\\"styled__StCell-gJrZHm fYZVrY\\"><div><div class=\\"styled__StCellBlack-gTsvAF fsoxms\\"></div></div></div><div class=\\"styled__StCell-gJrZHm fKDHEl\\"></div><div class=\\"styled__StCell-gJrZHm fYZVrY\\"><div><div class=\\"styled__StCellBlack-gTsvAF fsoxms\\"></div></div></div><div class=\\"styled__StCell-gJrZHm fKDHEl\\"></div><div class=\\"styled__StCell-gJrZHm fYZVrY\\"><div><div class=\\"styled__StCellBlack-gTsvAF fsoxms\\"></div></div></div><div class=\\"styled__StCell-gJrZHm fKDHEl\\"></div><div class=\\"styled__StCell-gJrZHm fYZVrY\\"><div><div class=\\"styled__StCellBlack-gTsvAF fsoxms\\"></div></div></div><div class=\\"styled__StCell-gJrZHm fKDHEl\\"></div><div class=\\"styled__StCell-gJrZHm fKDHEl\\"></div><div class=\\"styled__StCell-gJrZHm fYZVrY\\"><div><div class=\\"styled__StCellBlack-gTsvAF fsoxms\\"></div></div></div><div class=\\"styled__StCell-gJrZHm fKDHEl\\"></div><div class=\\"styled__StCell-gJrZHm fYZVrY\\"><div><div class=\\"styled__StCellBlack-gTsvAF fsoxms\\"></div></div></div><div class=\\"styled__StCell-gJrZHm fKDHEl\\"></div><div class=\\"styled__StCell-gJrZHm fYZVrY\\"><div><div class=\\"styled__StCellBlack-gTsvAF fsoxms\\"></div></div></div><div class=\\"styled__StCell-gJrZHm fKDHEl\\"></div><div class=\\"styled__StCell-gJrZHm fYZVrY\\"><div><div class=\\"styled__StCellBlack-gTsvAF fsoxms\\"></div></div></div></div></div>"`;
