// Jest Snapshot v1, https://goo.gl/fbAQLP

exports[`Registration Should match snapshot 1`] = `" <div class=\\"styled__StGlobalCredentials-dasUon cRRWpH\\"><div class=\\"styled__StContainer-rIpsz evlQxq\\"><h1 class=\\"styled__StTitle-lfcumM bhHMZN\\"></h1><div class=\\"styled__StInputDiv-iTvJvh gqdFEH\\"><span class=\\"styled__StSpan-bbjaPg hFPkpt\\"></span><input type=\\"login\\" value=\\"\\" class=\\"styled__StInput-ifVcmW fkrHSd\\"/></div><div class=\\"styled__StInputDiv-iTvJvh gqdFEH\\"><span class=\\"styled__StSpan-bbjaPg hFPkpt\\"></span><input type=\\"password\\" value=\\"\\" class=\\"styled__StInput-ifVcmW fkrHSd\\"/></div><div class=\\"styled__StInputDiv-iTvJvh gqdFEH\\"><span class=\\"styled__StSpan-bbjaPg hFPkpt\\"></span><input type=\\"password\\" value=\\"\\" class=\\"styled__StInput-ifVcmW fkrHSd\\"/></div><div class=\\"styled__StInputDiv-iTvJvh gqdFEH\\"><button type=\\"button\\" class=\\"styled__StButton-iwFefC jJqhBl\\"></button></div><div class=\\"styled__StNavLink-kYzesN fxjFPh\\"><p></p>Â <a aria-current=\\"page\\" class=\\"active\\" href=\\"/\\"></a></div></div></div> "`;
