// Jest Snapshot v1, https://goo.gl/fbAQLP

exports[`StatisticItem Should match snapshot 1`] = `"<div><span></span><span></span><span>string</span><span>string</span></div>"`;
